Training_Dataset/Normal/001.8k.wav 0
Training_Dataset/Normal/002.8k.wav 0
Training_Dataset/Normal/003.8k.wav 0
Training_Dataset/Normal/004.8k.wav 0
Training_Dataset/Normal/005.8k.wav 0
Training_Dataset/Normal/006.8k.wav 0
Training_Dataset/Normal/007.8k.wav 0
Training_Dataset/Normal/008.8k.wav 0
Training_Dataset/Normal/009.8k.wav 0
Training_Dataset/Normal/010.8k.wav 0
Training_Dataset/Normal/011.8k.wav 0
Training_Dataset/Normal/012.8k.wav 0
Training_Dataset/Normal/013.8k.wav 0
Training_Dataset/Normal/014.8k.wav 0
Training_Dataset/Normal/015.8k.wav 0
Training_Dataset/Normal/016.8k.wav 0
Training_Dataset/Normal/017.8k.wav 0
Training_Dataset/Normal/018.8k.wav 0
Training_Dataset/Normal/019.8k.wav 0
Training_Dataset/Normal/020.8k.wav 0
Training_Dataset/Normal/021.8k.wav 0
Training_Dataset/Normal/022.8k.wav 0
Training_Dataset/Normal/023.8k.wav 0
Training_Dataset/Normal/024.8k.wav 0
Training_Dataset/Normal/025.8k.wav 0
Training_Dataset/Normal/026.8k.wav 0
Training_Dataset/Normal/027.8k.wav 0
Training_Dataset/Normal/028.8k.wav 0
Training_Dataset/Normal/029.8k.wav 0
Training_Dataset/Normal/030.8k.wav 0
Training_Dataset/Normal/031.8k.wav 0
Training_Dataset/Normal/032.8k.wav 0
Training_Dataset/Normal/033.8k.wav 0
Training_Dataset/Normal/034.8k.wav 0
Training_Dataset/Normal/035.8k.wav 0
Training_Dataset/Normal/036.8k.wav 0
Training_Dataset/Normal/037.8k.wav 0
Training_Dataset/Normal/038.8k.wav 0
Training_Dataset/Normal/039.8k.wav 0
Training_Dataset/Normal/040.8k.wav 0
Training_Dataset/Normal/041.8k.wav 0
Training_Dataset/Normal/042.8k.wav 0
Training_Dataset/Normal/043.8k.wav 0
Training_Dataset/Normal/044.8k.wav 0
Training_Dataset/Normal/045.8k.wav 0
Training_Dataset/Normal/046.8k.wav 0
Training_Dataset/Normal/047.8k.wav 0
Training_Dataset/Normal/048.8k.wav 0
Training_Dataset/Normal/049.8k.wav 0
Training_Dataset/Normal/050.8k.wav 0
Training_Dataset/Pathological/Neoplasm/001.8k.wav 1
Training_Dataset/Pathological/Neoplasm/002.8k.wav 1
Training_Dataset/Pathological/Neoplasm/003.8k.wav 1
Training_Dataset/Pathological/Neoplasm/004.8k.wav 1
Training_Dataset/Pathological/Neoplasm/005.8k.wav 1
Training_Dataset/Pathological/Neoplasm/006.8k.wav 1
Training_Dataset/Pathological/Neoplasm/007.8k.wav 1
Training_Dataset/Pathological/Neoplasm/008.8k.wav 1
Training_Dataset/Pathological/Neoplasm/009.8k.wav 1
Training_Dataset/Pathological/Neoplasm/010.8k.wav 1
Training_Dataset/Pathological/Neoplasm/011.8k.wav 1
Training_Dataset/Pathological/Neoplasm/012.8k.wav 1
Training_Dataset/Pathological/Neoplasm/013.8k.wav 1
Training_Dataset/Pathological/Neoplasm/014.8k.wav 1
Training_Dataset/Pathological/Neoplasm/015.8k.wav 1
Training_Dataset/Pathological/Neoplasm/016.8k.wav 1
Training_Dataset/Pathological/Neoplasm/017.8k.wav 1
Training_Dataset/Pathological/Neoplasm/018.8k.wav 1
Training_Dataset/Pathological/Neoplasm/019.8k.wav 1
Training_Dataset/Pathological/Neoplasm/020.8k.wav 1
Training_Dataset/Pathological/Neoplasm/021.8k.wav 1
Training_Dataset/Pathological/Neoplasm/022.8k.wav 1
Training_Dataset/Pathological/Neoplasm/023.8k.wav 1
Training_Dataset/Pathological/Neoplasm/024.8k.wav 1
Training_Dataset/Pathological/Neoplasm/025.8k.wav 1
Training_Dataset/Pathological/Neoplasm/026.8k.wav 1
Training_Dataset/Pathological/Neoplasm/027.8k.wav 1
Training_Dataset/Pathological/Neoplasm/028.8k.wav 1
Training_Dataset/Pathological/Neoplasm/029.8k.wav 1
Training_Dataset/Pathological/Neoplasm/030.8k.wav 1
Training_Dataset/Pathological/Neoplasm/031.8k.wav 1
Training_Dataset/Pathological/Neoplasm/032.8k.wav 1
Training_Dataset/Pathological/Neoplasm/033.8k.wav 1
Training_Dataset/Pathological/Neoplasm/034.8k.wav 1
Training_Dataset/Pathological/Neoplasm/035.8k.wav 1
Training_Dataset/Pathological/Neoplasm/036.8k.wav 1
Training_Dataset/Pathological/Neoplasm/037.8k.wav 1
Training_Dataset/Pathological/Neoplasm/038.8k.wav 1
Training_Dataset/Pathological/Neoplasm/039.8k.wav 1
Training_Dataset/Pathological/Neoplasm/040.8k.wav 1
Training_Dataset/Pathological/Phonotrauma/001.8k.wav 2
Training_Dataset/Pathological/Phonotrauma/002.8k.wav 2
Training_Dataset/Pathological/Phonotrauma/003.8k.wav 2
Training_Dataset/Pathological/Phonotrauma/004.8k.wav 2
Training_Dataset/Pathological/Phonotrauma/005.8k.wav 2
Training_Dataset/Pathological/Phonotrauma/006.8k.wav 2
Training_Dataset/Pathological/Phonotrauma/007.8k.wav 2
Training_Dataset/Pathological/Phonotrauma/008.8k.wav 2
Training_Dataset/Pathological/Phonotrauma/009.8k.wav 2
Training_Dataset/Pathological/Phonotrauma/010.8k.wav 2
Training_Dataset/Pathological/Phonotrauma/011.8k.wav 2
Training_Dataset/Pathological/Phonotrauma/012.8k.wav 2
Training_Dataset/Pathological/Phonotrauma/013.8k.wav 2
Training_Dataset/Pathological/Phonotrauma/014.8k.wav 2
Training_Dataset/Pathological/Phonotrauma/015.8k.wav 2
Training_Dataset/Pathological/Phonotrauma/016.8k.wav 2
Training_Dataset/Pathological/Phonotrauma/017.8k.wav 2
Training_Dataset/Pathological/Phonotrauma/018.8k.wav 2
Training_Dataset/Pathological/Phonotrauma/019.8k.wav 2
Training_Dataset/Pathological/Phonotrauma/020.8k.wav 2
Training_Dataset/Pathological/Phonotrauma/021.8k.wav 2
Training_Dataset/Pathological/Phonotrauma/022.8k.wav 2
Training_Dataset/Pathological/Phonotrauma/023.8k.wav 2
Training_Dataset/Pathological/Phonotrauma/024.8k.wav 2
Training_Dataset/Pathological/Phonotrauma/025.8k.wav 2
Training_Dataset/Pathological/Phonotrauma/026.8k.wav 2
Training_Dataset/Pathological/Phonotrauma/027.8k.wav 2
Training_Dataset/Pathological/Phonotrauma/028.8k.wav 2
Training_Dataset/Pathological/Phonotrauma/029.8k.wav 2
Training_Dataset/Pathological/Phonotrauma/030.8k.wav 2
Training_Dataset/Pathological/Phonotrauma/031.8k.wav 2
Training_Dataset/Pathological/Phonotrauma/032.8k.wav 2
Training_Dataset/Pathological/Phonotrauma/033.8k.wav 2
Training_Dataset/Pathological/Phonotrauma/034.8k.wav 2
Training_Dataset/Pathological/Phonotrauma/035.8k.wav 2
Training_Dataset/Pathological/Phonotrauma/036.8k.wav 2
Training_Dataset/Pathological/Phonotrauma/037.8k.wav 2
Training_Dataset/Pathological/Phonotrauma/038.8k.wav 2
Training_Dataset/Pathological/Phonotrauma/039.8k.wav 2
Training_Dataset/Pathological/Phonotrauma/040.8k.wav 2
Training_Dataset/Pathological/Phonotrauma/041.8k.wav 2
Training_Dataset/Pathological/Phonotrauma/042.8k.wav 2
Training_Dataset/Pathological/Phonotrauma/043.8k.wav 2
Training_Dataset/Pathological/Phonotrauma/044.8k.wav 2
Training_Dataset/Pathological/Phonotrauma/045.8k.wav 2
Training_Dataset/Pathological/Phonotrauma/046.8k.wav 2
Training_Dataset/Pathological/Phonotrauma/047.8k.wav 2
Training_Dataset/Pathological/Phonotrauma/048.8k.wav 2
Training_Dataset/Pathological/Phonotrauma/049.8k.wav 2
Training_Dataset/Pathological/Phonotrauma/050.8k.wav 2
Training_Dataset/Pathological/Phonotrauma/051.8k.wav 2
Training_Dataset/Pathological/Phonotrauma/052.8k.wav 2
Training_Dataset/Pathological/Phonotrauma/053.8k.wav 2
Training_Dataset/Pathological/Phonotrauma/054.8k.wav 2
Training_Dataset/Pathological/Phonotrauma/055.8k.wav 2
Training_Dataset/Pathological/Phonotrauma/056.8k.wav 2
Training_Dataset/Pathological/Phonotrauma/057.8k.wav 2
Training_Dataset/Pathological/Phonotrauma/058.8k.wav 2
Training_Dataset/Pathological/Phonotrauma/059.8k.wav 2
Training_Dataset/Pathological/Phonotrauma/060.8k.wav 2
Training_Dataset/Pathological/Vocal_palsy/001.8k.wav 3
Training_Dataset/Pathological/Vocal_palsy/002.8k.wav 3
Training_Dataset/Pathological/Vocal_palsy/003.8k.wav 3
Training_Dataset/Pathological/Vocal_palsy/004.8k.wav 3
Training_Dataset/Pathological/Vocal_palsy/005.8k.wav 3
Training_Dataset/Pathological/Vocal_palsy/006.8k.wav 3
Training_Dataset/Pathological/Vocal_palsy/007.8k.wav 3
Training_Dataset/Pathological/Vocal_palsy/008.8k.wav 3
Training_Dataset/Pathological/Vocal_palsy/009.8k.wav 3
Training_Dataset/Pathological/Vocal_palsy/010.8k.wav 3
Training_Dataset/Pathological/Vocal_palsy/011.8k.wav 3
Training_Dataset/Pathological/Vocal_palsy/012.8k.wav 3
Training_Dataset/Pathological/Vocal_palsy/013.8k.wav 3
Training_Dataset/Pathological/Vocal_palsy/014.8k.wav 3
Training_Dataset/Pathological/Vocal_palsy/015.8k.wav 3
Training_Dataset/Pathological/Vocal_palsy/016.8k.wav 3
Training_Dataset/Pathological/Vocal_palsy/017.8k.wav 3
Training_Dataset/Pathological/Vocal_palsy/018.8k.wav 3
Training_Dataset/Pathological/Vocal_palsy/019.8k.wav 3
Training_Dataset/Pathological/Vocal_palsy/020.8k.wav 3
Training_Dataset/Pathological/Vocal_palsy/021.8k.wav 3
Training_Dataset/Pathological/Vocal_palsy/022.8k.wav 3
Training_Dataset/Pathological/Vocal_palsy/023.8k.wav 3
Training_Dataset/Pathological/Vocal_palsy/024.8k.wav 3
Training_Dataset/Pathological/Vocal_palsy/025.8k.wav 3
Training_Dataset/Pathological/Vocal_palsy/026.8k.wav 3
Training_Dataset/Pathological/Vocal_palsy/027.8k.wav 3
Training_Dataset/Pathological/Vocal_palsy/028.8k.wav 3
Training_Dataset/Pathological/Vocal_palsy/029.8k.wav 3
Training_Dataset/Pathological/Vocal_palsy/030.8k.wav 3
Training_Dataset/Pathological/Vocal_palsy/031.8k.wav 3
Training_Dataset/Pathological/Vocal_palsy/032.8k.wav 3
Training_Dataset/Pathological/Vocal_palsy/033.8k.wav 3
Training_Dataset/Pathological/Vocal_palsy/034.8k.wav 3
Training_Dataset/Pathological/Vocal_palsy/035.8k.wav 3
Training_Dataset/Pathological/Vocal_palsy/036.8k.wav 3
Training_Dataset/Pathological/Vocal_palsy/037.8k.wav 3
Training_Dataset/Pathological/Vocal_palsy/038.8k.wav 3
Training_Dataset/Pathological/Vocal_palsy/039.8k.wav 3
Training_Dataset/Pathological/Vocal_palsy/040.8k.wav 3
Training_Dataset/Pathological/Vocal_palsy/041.8k.wav 3
Training_Dataset/Pathological/Vocal_palsy/042.8k.wav 3
Training_Dataset/Pathological/Vocal_palsy/043.8k.wav 3
Training_Dataset/Pathological/Vocal_palsy/044.8k.wav 3
Training_Dataset/Pathological/Vocal_palsy/045.8k.wav 3
Training_Dataset/Pathological/Vocal_palsy/046.8k.wav 3
Training_Dataset/Pathological/Vocal_palsy/047.8k.wav 3
Training_Dataset/Pathological/Vocal_palsy/048.8k.wav 3
Training_Dataset/Pathological/Vocal_palsy/049.8k.wav 3
Training_Dataset/Pathological/Vocal_palsy/050.8k.wav 3
